
> prueba-local@0.0.0 test
> vitest


[1m[7m[36m RUN [39m[27m[22m [36mv3.0.7 [39m[90m/home/runner/work/pruebas-github-actions-local/pruebas-github-actions-local[39m

 [32m✓[39m src/__test__/App.test.jsx [2m([22m[2m1 test[22m[2m)[22m[90m 2[2mms[22m[39m

[2m Test Files [22m [1m[32m1 passed[39m[22m[90m (1)[39m
[2m      Tests [22m [1m[32m1 passed[39m[22m[90m (1)[39m
[2m   Start at [22m 09:38:03
[2m   Duration [22m 266ms[2m (transform 36ms, setup 0ms, collect 21ms, tests 2ms, environment 0ms, prepare 66ms)[22m

